17:06:09 **** Incremental Build of configuration Debug for project MCP2515_Transfer ****
make -j12 all 
arm-none-eabi-gcc -o "MCP2515_Transfer.elf" @"objects.list"   -mcpu=cortex-m4 -T"/home/akash/workspace/GitHub/espts_testing/STM_Projects/MCP2515_Transfer/STM32F446RETX_FLASH.ld" --specs=nosys.specs -Wl,-Map="MCP2515_Transfer.map" -Wl,--gc-sections -static --specs=nano.specs -mfpu=fpv4-sp-d16 -mfloat-abi=hard -mthumb -u _printf_float -Wl,--start-group -lc -lm -Wl,--end-group
Finished building target: MCP2515_Transfer.elf
 
arm-none-eabi-size  MCP2515_Transfer.elf 
arm-none-eabi-objdump -h -S MCP2515_Transfer.elf  > "MCP2515_Transfer.list"
   text	   data	    bss	    dec	    hex	filename
  29132	    468	   2068	  31668	   7bb4	MCP2515_Transfer.elf
Finished building: default.size.stdout
 
Finished building: MCP2515_Transfer.list
 
